#-----------------------------------------------------------
# Vivado v2021.1 (64-bit)
# SW Build 3247384 on Thu Jun 10 19:36:33 MDT 2021
# IP Build 3246043 on Fri Jun 11 00:30:35 MDT 2021
# Start of session at: Fri Dec  9 12:18:22 2022
# Process ID: 14472
# Current directory: C:/Users/eloyi/Documents/Github/ascensor_VHDL_G26/MAIN
# Command line: vivado.exe -gui_launcher_event rodinguilauncherevent8964 C:\Users\eloyi\Documents\Github\ascensor_VHDL_G26\MAIN\VHDL_ASCENSOR_MAIN.xpr
# Log file: C:/Users/eloyi/Documents/Github/ascensor_VHDL_G26/MAIN/vivado.log
# Journal file: C:/Users/eloyi/Documents/Github/ascensor_VHDL_G26/MAIN\vivado.jou
#-----------------------------------------------------------
start_gui
open_project C:/Users/eloyi/Documents/Github/ascensor_VHDL_G26/MAIN/VHDL_ASCENSOR_MAIN.xpr
update_compile_order -fileset sources_1
add_files -fileset constrs_1 -norecurse C:/Users/eloyi/Documents/Github/ascensor_VHDL_G26/MAIN/Nexys-4-DDR-Master.xdc
import_files -fileset constrs_1 C:/Users/eloyi/Documents/Github/ascensor_VHDL_G26/MAIN/Nexys-4-DDR-Master.xdc
