../Core/Src/main.c:72:6:HAL_UART_RxCpltCallback	16	static
../Core/Src/main.c:80:6:HAL_GPIO_EXTI_Callback	16	static
../Core/Src/main.c:97:5:main	8	static
../Core/Src/main.c:157:6:SystemClock_Config	88	static
../Core/Src/main.c:204:13:MX_ADC1_Init	24	static
../Core/Src/main.c:256:13:MX_TIM1_Init	96	static
../Core/Src/main.c:331:13:MX_USART6_UART_Init	8	static
../Core/Src/main.c:364:13:MX_GPIO_Init	48	static
../Core/Src/main.c:436:6:HAL_ADC_ConvCpltCallback	16	static
../Core/Src/main.c:473:6:Error_Handler	4	static,ignoring_inline_asm
